Capped GPU memory fraction to 0.80
No latest.pt found; starting fresh.
iter     1 | hands   11885 | mbb/hand   +20.1 | pol +0.0002 val 40.3729 ent 0.686 kl 0.0292 clip 0.174 | 27s
iter     2 | hands   23169 | mbb/hand   +79.2 | pol +0.0011 val 58.8180 ent 0.754 kl 0.0546 clip 0.203 | 54s
iter     3 | hands   33775 | mbb/hand  +145.5 | pol +0.0007 val 75.9670 ent 0.819 kl 0.0957 clip 0.219 | 81s
iter     4 | hands   43886 | mbb/hand  +214.1 | pol +0.0011 val 100.1947 ent 0.865 kl 0.1461 clip 0.234 | 104s
iter     5 | hands   53353 | mbb/hand  +303.1 | pol +0.0044 val 121.7606 ent 0.918 kl 0.2026 clip 0.248 | 126s
iter     6 | hands   62460 | mbb/hand  +211.9 | pol +0.0041 val 136.3657 ent 0.953 kl 0.2510 clip 0.263 | 146s
iter     7 | hands   71565 | mbb/hand  +384.0 | pol +0.0047 val 165.1899 ent 0.971 kl 0.2905 clip 0.273 | 165s
iter     8 | hands   80451 | mbb/hand  +338.0 | pol +0.0056 val 181.8222 ent 0.996 kl 0.3229 clip 0.282 | 187s
iter     9 | hands   89285 | mbb/hand  +416.2 | pol +0.0066 val 179.5154 ent 1.002 kl 0.3421 clip 0.291 | 210s
iter    10 | hands   98064 | mbb/hand  +611.3 | pol +0.0062 val 191.2561 ent 1.022 kl 0.3810 clip 0.303 | 232s
iter    11 | hands  106893 | mbb/hand  +375.5 | pol +0.0073 val 209.7920 ent 1.018 kl 0.3964 clip 0.310 | 254s
iter    12 | hands  115751 | mbb/hand  +392.9 | pol +0.0076 val 196.6638 ent 1.031 kl 0.4203 clip 0.325 | 274s
iter    13 | hands  124401 | mbb/hand  +466.5 | pol +0.0084 val 231.0161 ent 1.034 kl 0.4439 clip 0.330 | 295s
iter    14 | hands  133192 | mbb/hand  +930.0 | pol +0.0084 val 201.6641 ent 1.040 kl 0.4527 clip 0.337 | 316s
iter    15 | hands  141776 | mbb/hand  +517.5 | pol +0.0100 val 236.4211 ent 1.042 kl 0.4797 clip 0.351 | 348s
iter    16 | hands  150482 | mbb/hand  +917.6 | pol +0.0133 val 222.4346 ent 1.038 kl 0.4872 clip 0.348 | 370s
iter    17 | hands  159204 | mbb/hand +1246.4 | pol +0.0076 val 229.3654 ent 1.045 kl 0.5097 clip 0.354 | 391s
iter    18 | hands  168112 | mbb/hand  +528.1 | pol +0.0131 val 224.7605 ent 1.042 kl 0.5326 clip 0.356 | 413s
iter    19 | hands  177009 | mbb/hand  +957.5 | pol +0.0112 val 226.1920 ent 1.040 kl 0.5607 clip 0.354 | 435s
iter    20 | hands  185957 | mbb/hand  +479.4 | pol +0.0130 val 230.5176 ent 1.038 kl 0.5897 clip 0.361 | 456s
iter    21 | hands  194984 | mbb/hand  +861.8 | pol +0.0096 val 216.7891 ent 1.041 kl 0.5998 clip 0.354 | 477s
iter    22 | hands  204073 | mbb/hand +1066.0 | pol +0.0111 val 247.6688 ent 1.031 kl 0.6292 clip 0.351 | 498s
iter    23 | hands  213284 | mbb/hand  +802.9 | pol +0.0106 val 221.9941 ent 1.033 kl 0.6327 clip 0.347 | 519s
iter    24 | hands  222509 | mbb/hand +1279.8 | pol +0.0096 val 225.6193 ent 1.041 kl 0.6496 clip 0.348 | 541s
iter    25 | hands  231832 | mbb/hand  +853.8 | pol +0.0109 val 204.7384 ent 1.040 kl 0.6752 clip 0.347 | 563s
iter    26 | hands  241130 | mbb/hand  +894.2 | pol +0.0096 val 232.8404 ent 1.052 kl 0.6905 clip 0.346 | 585s
iter    27 | hands  250326 | mbb/hand +1052.9 | pol +0.0116 val 220.5454 ent 1.062 kl 0.7105 clip 0.346 | 606s
iter    28 | hands  259640 | mbb/hand +1303.5 | pol +0.0118 val 237.2207 ent 1.066 kl 0.7267 clip 0.344 | 627s
iter    29 | hands  269098 | mbb/hand +1113.3 | pol +0.0113 val 226.2749 ent 1.076 kl 0.7594 clip 0.347 | 649s
iter    30 | hands  278276 | mbb/hand  +840.0 | pol +0.0133 val 251.1904 ent 1.069 kl 0.7888 clip 0.340 | 671s
iter    31 | hands  287517 | mbb/hand +1006.7 | pol +0.0128 val 236.4952 ent 1.092 kl 0.8248 clip 0.347 | 693s
iter    32 | hands  296825 | mbb/hand +1354.2 | pol +0.0109 val 252.2898 ent 1.094 kl 0.8357 clip 0.342 | 714s
iter    33 | hands  306262 | mbb/hand +1640.0 | pol +0.0116 val 252.5731 ent 1.102 kl 0.8563 clip 0.342 | 735s
iter    34 | hands  315828 | mbb/hand +1222.0 | pol +0.0145 val 229.4116 ent 1.118 kl 0.8910 clip 0.347 | 757s
iter    35 | hands  325357 | mbb/hand  +880.8 | pol +0.0116 val 265.9595 ent 1.114 kl 0.8920 clip 0.334 | 778s
iter    36 | hands  334897 | mbb/hand  +835.7 | pol +0.0123 val 235.7087 ent 1.132 kl 0.9188 clip 0.344 | 799s
iter    37 | hands  344425 | mbb/hand  +675.6 | pol +0.0143 val 255.1049 ent 1.138 kl 0.9542 clip 0.337 | 821s
iter    38 | hands  353967 | mbb/hand +1429.2 | pol +0.0134 val 265.2498 ent 1.142 kl 0.9740 clip 0.334 | 842s
iter    39 | hands  363559 | mbb/hand +1038.0 | pol +0.0129 val 276.9041 ent 1.146 kl 0.9867 clip 0.330 | 863s
iter    40 | hands  373057 | mbb/hand +1005.1 | pol +0.0141 val 293.9914 ent 1.153 kl 1.0184 clip 0.329 | 885s
iter    41 | hands  382621 | mbb/hand +1067.9 | pol +0.0154 val 286.3726 ent 1.158 kl 1.0314 clip 0.325 | 907s
iter    42 | hands  392174 | mbb/hand  +861.9 | pol +0.0169 val 274.9555 ent 1.164 kl 1.0524 clip 0.325 | 929s
iter    43 | hands  401682 | mbb/hand +1166.4 | pol +0.0159 val 312.0338 ent 1.168 kl 1.1012 clip 0.329 | 950s
iter    44 | hands  411232 | mbb/hand +1079.2 | pol +0.0154 val 329.7316 ent 1.175 kl 1.1361 clip 0.328 | 972s
iter    45 | hands  420920 | mbb/hand +1430.2 | pol +0.0154 val 303.3237 ent 1.191 kl 1.1691 clip 0.327 | 993s
iter    46 | hands  430511 | mbb/hand  +912.8 | pol +0.0151 val 348.4886 ent 1.183 kl 1.2139 clip 0.321 | 1015s
iter    47 | hands  440198 | mbb/hand +1069.9 | pol +0.0142 val 379.2533 ent 1.182 kl 1.2442 clip 0.314 | 1036s
iter    48 | hands  449919 | mbb/hand +1648.3 | pol +0.0175 val 373.3936 ent 1.189 kl 1.2575 clip 0.315 | 1058s
iter    49 | hands  459585 | mbb/hand  +711.1 | pol +0.0123 val 382.2119 ent 1.195 kl 1.2927 clip 0.312 | 1080s
iter    50 | hands  469298 | mbb/hand  +446.1 | pol +0.0148 val 423.6719 ent 1.186 kl 1.3088 clip 0.297 | 1102s
iter    51 | hands  479040 | mbb/hand  +678.5 | pol +0.0114 val 414.5277 ent 1.186 kl 1.3344 clip 0.299 | 1124s
iter    52 | hands  488916 | mbb/hand  +549.3 | pol +0.0130 val 415.7995 ent 1.195 kl 1.4059 clip 0.299 | 1146s
iter    53 | hands  498807 | mbb/hand  +503.6 | pol +0.0096 val 425.2055 ent 1.190 kl 1.3955 clip 0.293 | 1169s
iter    54 | hands  508619 | mbb/hand  +500.2 | pol +0.0103 val 447.6831 ent 1.192 kl 1.4268 clip 0.296 | 1191s
iter    55 | hands  518621 | mbb/hand +1071.0 | pol +0.0100 val 441.0952 ent 1.193 kl 1.4444 clip 0.290 | 1212s
iter    56 | hands  528508 | mbb/hand  +509.0 | pol +0.0110 val 436.8941 ent 1.195 kl 1.4700 clip 0.279 | 1233s
iter    57 | hands  538596 | mbb/hand  +797.8 | pol +0.0093 val 471.3977 ent 1.189 kl 1.5050 clip 0.278 | 1255s
iter    58 | hands  548673 | mbb/hand +1000.9 | pol +0.0084 val 487.2549 ent 1.186 kl 1.5271 clip 0.271 | 1277s
iter    59 | hands  558789 | mbb/hand  +313.1 | pol +0.0072 val 488.8369 ent 1.186 kl 1.5187 clip 0.267 | 1300s
iter    60 | hands  568845 | mbb/hand +1075.6 | pol +0.0128 val 480.9114 ent 1.184 kl 1.5086 clip 0.261 | 1320s
iter    61 | hands  578954 | mbb/hand +1274.3 | pol +0.0068 val 504.0346 ent 1.186 kl 1.5497 clip 0.260 | 1342s
iter    62 | hands  589110 | mbb/hand  +819.5 | pol +0.0062 val 481.1801 ent 1.186 kl 1.5534 clip 0.257 | 1365s
iter    63 | hands  599209 | mbb/hand  +418.7 | pol +0.0072 val 493.7205 ent 1.180 kl 1.5775 clip 0.251 | 1387s
iter    64 | hands  609343 | mbb/hand  +634.8 | pol +0.0070 val 463.8946 ent 1.187 kl 1.5749 clip 0.248 | 1411s
iter    65 | hands  619541 | mbb/hand  +311.2 | pol +0.0059 val 496.2564 ent 1.187 kl 1.5668 clip 0.249 | 1434s
iter    66 | hands  629797 | mbb/hand  +444.9 | pol +0.0059 val 481.3687 ent 1.192 kl 1.5752 clip 0.251 | 1456s
iter    67 | hands  640109 | mbb/hand  +938.4 | pol +0.0049 val 501.8476 ent 1.190 kl 1.6105 clip 0.244 | 1478s
iter    68 | hands  650299 | mbb/hand  +956.2 | pol +0.0074 val 520.0438 ent 1.192 kl 1.6243 clip 0.245 | 1501s
iter    69 | hands  660438 | mbb/hand  +627.3 | pol +0.0046 val 529.8797 ent 1.194 kl 1.6305 clip 0.240 | 1535s
iter    70 | hands  670745 | mbb/hand  +245.0 | pol +0.0053 val 525.7756 ent 1.195 kl 1.6186 clip 0.246 | 1557s
iter    71 | hands  681051 | mbb/hand  +266.8 | pol +0.0056 val 516.9800 ent 1.193 kl 1.6037 clip 0.244 | 1579s
iter    72 | hands  691218 | mbb/hand  +509.5 | pol +0.0043 val 504.3469 ent 1.192 kl 1.5960 clip 0.240 | 1601s
iter    73 | hands  701436 | mbb/hand +1259.1 | pol +0.0071 val 507.6665 ent 1.200 kl 1.6155 clip 0.245 | 1623s
iter    74 | hands  711725 | mbb/hand  +751.9 | pol +0.0077 val 535.7256 ent 1.202 kl 1.6105 clip 0.243 | 1645s
iter    75 | hands  722053 | mbb/hand +1062.9 | pol +0.0059 val 519.3691 ent 1.202 kl 1.5972 clip 0.241 | 1667s
iter    76 | hands  732526 | mbb/hand +1064.2 | pol +0.0062 val 504.5753 ent 1.207 kl 1.6062 clip 0.239 | 1689s
iter    77 | hands  742952 | mbb/hand  +870.0 | pol +0.0089 val 518.5284 ent 1.201 kl 1.6072 clip 0.239 | 1712s
iter    78 | hands  753380 | mbb/hand  +669.2 | pol +0.0126 val 525.9574 ent 1.202 kl 1.5893 clip 0.242 | 1734s
iter    79 | hands  763836 | mbb/hand  +943.1 | pol +0.0055 val 481.2743 ent 1.212 kl 1.5583 clip 0.240 | 1768s
iter    80 | hands  774408 | mbb/hand  +277.0 | pol +0.0058 val 523.3314 ent 1.206 kl 1.5542 clip 0.238 | 1791s
iter    81 | hands  784937 | mbb/hand  +963.0 | pol +0.0063 val 514.7277 ent 1.214 kl 1.5183 clip 0.245 | 1816s
iter    82 | hands  795442 | mbb/hand  +770.2 | pol +0.0059 val 502.9482 ent 1.212 kl 1.5097 clip 0.242 | 1839s
iter    83 | hands  806061 | mbb/hand  +964.1 | pol +0.0059 val 504.9705 ent 1.218 kl 1.5239 clip 0.243 | 1862s
iter    84 | hands  816528 | mbb/hand +1082.4 | pol +0.0059 val 487.7198 ent 1.228 kl 1.5277 clip 0.245 | 1884s
iter    85 | hands  827130 | mbb/hand +1037.1 | pol +0.0058 val 487.6093 ent 1.219 kl 1.5366 clip 0.246 | 1907s
iter    86 | hands  837567 | mbb/hand +1567.1 | pol +0.0073 val 512.7790 ent 1.223 kl 1.5626 clip 0.245 | 1929s
iter    87 | hands  848270 | mbb/hand +1294.9 | pol +0.0054 val 525.1828 ent 1.215 kl 1.5571 clip 0.242 | 1952s
iter    88 | hands  858710 | mbb/hand  +867.9 | pol +0.0045 val 539.4001 ent 1.217 kl 1.5762 clip 0.244 | 1974s
iter    89 | hands  869231 | mbb/hand +1185.9 | pol +0.0060 val 538.5322 ent 1.221 kl 1.5770 clip 0.250 | 1996s
iter    90 | hands  879827 | mbb/hand  +575.9 | pol +0.0046 val 549.7350 ent 1.217 kl 1.5482 clip 0.241 | 2018s
iter    91 | hands  890469 | mbb/hand +1292.0 | pol +0.0062 val 527.2673 ent 1.215 kl 1.5351 clip 0.240 | 2040s
iter    92 | hands  901049 | mbb/hand  +713.9 | pol +0.0044 val 530.6152 ent 1.213 kl 1.5468 clip 0.246 | 2061s
iter    93 | hands  911768 | mbb/hand +1257.8 | pol +0.0059 val 496.7501 ent 1.204 kl 1.4916 clip 0.236 | 2084s
iter    94 | hands  922301 | mbb/hand  +923.0 | pol +0.0054 val 533.7127 ent 1.195 kl 1.5475 clip 0.238 | 2106s
iter    95 | hands  932943 | mbb/hand  +896.3 | pol +0.0080 val 510.8202 ent 1.201 kl 1.5126 clip 0.239 | 2128s
iter    96 | hands  943620 | mbb/hand +1166.3 | pol +0.0054 val 507.5212 ent 1.204 kl 1.5252 clip 0.240 | 2151s
iter    97 | hands  954401 | mbb/hand +1030.5 | pol +0.0071 val 502.9981 ent 1.199 kl 1.4885 clip 0.239 | 2173s
iter    98 | hands  964960 | mbb/hand +1438.9 | pol +0.0045 val 524.0405 ent 1.205 kl 1.5540 clip 0.242 | 2196s
iter    99 | hands  975684 | mbb/hand  +728.3 | pol +0.0056 val 539.3030 ent 1.198 kl 1.5166 clip 0.235 | 2218s
iter   100 | hands  986473 | mbb/hand  +414.7 | pol +0.0045 val 510.5422 ent 1.197 kl 1.5257 clip 0.234 | 2241s
iter   101 | hands  997369 | mbb/hand  +958.0 | pol +0.0052 val 501.2125 ent 1.194 kl 1.4994 clip 0.234 | 2263s
iter   102 | hands 1008107 | mbb/hand  +987.3 | pol +0.0060 val 507.7809 ent 1.198 kl 1.5303 clip 0.237 | 2286s
iter   103 | hands 1018942 | mbb/hand  +956.6 | pol +0.0060 val 518.6505 ent 1.200 kl 1.5135 clip 0.235 | 2308s
iter   104 | hands 1029744 | mbb/hand  +825.7 | pol +0.0046 val 524.0262 ent 1.197 kl 1.5076 clip 0.235 | 2331s
iter   105 | hands 1040578 | mbb/hand  +953.3 | pol +0.0052 val 529.8052 ent 1.196 kl 1.5002 clip 0.235 | 2354s
iter   106 | hands 1051437 | mbb/hand  +534.4 | pol +0.0057 val 496.8280 ent 1.201 kl 1.4828 clip 0.233 | 2376s
iter   107 | hands 1062305 | mbb/hand  +994.5 | pol +0.0047 val 498.9952 ent 1.190 kl 1.4570 clip 0.230 | 2399s
iter   108 | hands 1073064 | mbb/hand  +863.9 | pol +0.0050 val 505.4353 ent 1.184 kl 1.4754 clip 0.230 | 2422s
iter   109 | hands 1083980 | mbb/hand +1099.1 | pol +0.0058 val 503.7001 ent 1.183 kl 1.4718 clip 0.230 | 2446s
iter   110 | hands 1094977 | mbb/hand  +994.8 | pol +0.0057 val 493.5738 ent 1.183 kl 1.4762 clip 0.231 | 2470s
iter   111 | hands 1105921 | mbb/hand +1303.2 | pol +0.0063 val 482.7229 ent 1.184 kl 1.4894 clip 0.228 | 2493s
iter   112 | hands 1116888 | mbb/hand  +423.3 | pol +0.0047 val 543.7302 ent 1.173 kl 1.4785 clip 0.227 | 2516s
iter   113 | hands 1127776 | mbb/hand  +758.0 | pol +0.0050 val 517.8696 ent 1.168 kl 1.4665 clip 0.227 | 2538s
iter   114 | hands 1138802 | mbb/hand +1523.6 | pol +0.0061 val 508.5962 ent 1.167 kl 1.4633 clip 0.222 | 2562s
iter   115 | hands 1149892 | mbb/hand  +804.2 | pol +0.0061 val 496.1292 ent 1.176 kl 1.4510 clip 0.220 | 2585s
iter   116 | hands 1160861 | mbb/hand +1073.0 | pol +0.0071 val 501.6954 ent 1.175 kl 1.4715 clip 0.227 | 2605s
iter   117 | hands 1171936 | mbb/hand  +848.8 | pol +0.0057 val 523.3758 ent 1.174 kl 1.4752 clip 0.223 | 2623s
iter   118 | hands 1182965 | mbb/hand +1177.6 | pol +0.0052 val 531.1914 ent 1.173 kl 1.4715 clip 0.220 | 2642s
iter   119 | hands 1194110 | mbb/hand  +747.0 | pol +0.0034 val 511.5173 ent 1.170 kl 1.4626 clip 0.218 | 2662s
iter   120 | hands 1205076 | mbb/hand  +762.2 | pol +0.0064 val 501.5943 ent 1.174 kl 1.4701 clip 0.222 | 2681s
iter   121 | hands 1216078 | mbb/hand  +810.8 | pol +0.0061 val 519.9835 ent 1.160 kl 1.4630 clip 0.219 | 2700s
iter   122 | hands 1226958 | mbb/hand  +794.3 | pol +0.0048 val 540.8591 ent 1.166 kl 1.4880 clip 0.221 | 2720s
iter   123 | hands 1237905 | mbb/hand  +980.8 | pol +0.0058 val 548.6816 ent 1.170 kl 1.4811 clip 0.222 | 2742s
iter   124 | hands 1248949 | mbb/hand  +531.2 | pol +0.0052 val 492.4814 ent 1.165 kl 1.4619 clip 0.219 | 2765s
iter   125 | hands 1260041 | mbb/hand  +620.6 | pol +0.0062 val 518.8678 ent 1.160 kl 1.4457 clip 0.215 | 2788s
iter   126 | hands 1271172 | mbb/hand  +836.5 | pol +0.0051 val 482.8687 ent 1.166 kl 1.4190 clip 0.215 | 2811s
iter   127 | hands 1282211 | mbb/hand +1121.1 | pol +0.0050 val 509.9188 ent 1.162 kl 1.4331 clip 0.215 | 2833s
iter   128 | hands 1293209 | mbb/hand +1027.1 | pol +0.0043 val 513.6296 ent 1.158 kl 1.4195 clip 0.215 | 2868s
iter   129 | hands 1304163 | mbb/hand  +879.1 | pol +0.0066 val 530.3076 ent 1.152 kl 1.4115 clip 0.215 | 2890s
iter   130 | hands 1315220 | mbb/hand  +631.4 | pol +0.0051 val 472.9303 ent 1.160 kl 1.3918 clip 0.212 | 2913s
iter   131 | hands 1326161 | mbb/hand  +424.6 | pol +0.0057 val 540.8504 ent 1.155 kl 1.4212 clip 0.216 | 2936s
iter   132 | hands 1337211 | mbb/hand  +798.1 | pol +0.0036 val 503.6240 ent 1.171 kl 1.4263 clip 0.216 | 2958s
iter   133 | hands 1348193 | mbb/hand +1058.0 | pol +0.0046 val 483.5574 ent 1.162 kl 1.4148 clip 0.215 | 2982s
iter   134 | hands 1359145 | mbb/hand +1386.3 | pol +0.0036 val 496.9538 ent 1.166 kl 1.4064 clip 0.213 | 3004s
iter   135 | hands 1370046 | mbb/hand  +606.4 | pol +0.0052 val 530.3653 ent 1.164 kl 1.3786 clip 0.215 | 3027s
iter   136 | hands 1381079 | mbb/hand  +823.0 | pol +0.0068 val 517.2086 ent 1.164 kl 1.3782 clip 0.219 | 3050s
iter   137 | hands 1392030 | mbb/hand  +930.0 | pol +0.0045 val 477.2384 ent 1.163 kl 1.3718 clip 0.219 | 3072s
iter   138 | hands 1402986 | mbb/hand  +635.6 | pol +0.0068 val 504.6285 ent 1.158 kl 1.3544 clip 0.218 | 3093s
iter   139 | hands 1413949 | mbb/hand  +623.4 | pol +0.0050 val 480.2765 ent 1.153 kl 1.3315 clip 0.214 | 3114s
iter   140 | hands 1424849 | mbb/hand +1293.0 | pol +0.0047 val 463.9850 ent 1.160 kl 1.3355 clip 0.216 | 3136s
iter   141 | hands 1435729 | mbb/hand  +912.1 | pol +0.0062 val 475.8602 ent 1.164 kl 1.3545 clip 0.221 | 3157s
iter   142 | hands 1446492 | mbb/hand +1209.3 | pol +0.0067 val 523.8133 ent 1.151 kl 1.3452 clip 0.216 | 3178s
iter   143 | hands 1457427 | mbb/hand +1078.2 | pol +0.0048 val 510.4394 ent 1.154 kl 1.3379 clip 0.216 | 3199s
iter   144 | hands 1468226 | mbb/hand +1204.3 | pol +0.0060 val 473.4613 ent 1.167 kl 1.3892 clip 0.221 | 3220s
iter   145 | hands 1479014 | mbb/hand  +692.1 | pol +0.0043 val 516.2970 ent 1.157 kl 1.3554 clip 0.217 | 3241s
iter   146 | hands 1489826 | mbb/hand  +817.5 | pol +0.0074 val 484.1979 ent 1.163 kl 1.3813 clip 0.216 | 3260s
iter   147 | hands 1500749 | mbb/hand  +723.5 | pol +0.0046 val 497.5819 ent 1.159 kl 1.3641 clip 0.217 | 3279s
iter   148 | hands 1511675 | mbb/hand +1044.0 | pol +0.0055 val 460.4240 ent 1.167 kl 1.3893 clip 0.219 | 3298s
iter   149 | hands 1522536 | mbb/hand  +527.6 | pol +0.0049 val 499.0778 ent 1.159 kl 1.3794 clip 0.213 | 3317s
iter   150 | hands 1533350 | mbb/hand  +867.9 | pol +0.0064 val 503.6627 ent 1.155 kl 1.3762 clip 0.217 | 3335s
iter   151 | hands 1544141 | mbb/hand  +606.8 | pol +0.0051 val 529.6480 ent 1.157 kl 1.3821 clip 0.217 | 3353s
iter   152 | hands 1555012 | mbb/hand  +569.6 | pol +0.0063 val 526.0212 ent 1.156 kl 1.3771 clip 0.217 | 3372s
iter   153 | hands 1565765 | mbb/hand +1083.8 | pol +0.0057 val 514.5425 ent 1.167 kl 1.4154 clip 0.219 | 3392s
iter   154 | hands 1576534 | mbb/hand  +634.9 | pol +0.0038 val 525.4675 ent 1.164 kl 1.3865 clip 0.220 | 3411s
iter   155 | hands 1587274 | mbb/hand +1115.1 | pol +0.0054 val 505.1668 ent 1.169 kl 1.4003 clip 0.220 | 3432s
iter   156 | hands 1598074 | mbb/hand  +931.1 | pol +0.0088 val 486.5079 ent 1.163 kl 1.3738 clip 0.220 | 3453s
iter   157 | hands 1608838 | mbb/hand +1051.9 | pol +0.0053 val 551.9029 ent 1.166 kl 1.3842 clip 0.219 | 3474s
iter   158 | hands 1619650 | mbb/hand +1296.9 | pol +0.0056 val 485.8302 ent 1.167 kl 1.3826 clip 0.225 | 3495s
iter   159 | hands 1630391 | mbb/hand  +758.1 | pol +0.0060 val 547.8218 ent 1.163 kl 1.3735 clip 0.222 | 3518s
iter   160 | hands 1641152 | mbb/hand +1195.2 | pol +0.0059 val 494.1860 ent 1.165 kl 1.3703 clip 0.218 | 3539s
iter   161 | hands 1651877 | mbb/hand  +769.6 | pol +0.0045 val 505.8244 ent 1.171 kl 1.3906 clip 0.223 | 3561s
iter   162 | hands 1662491 | mbb/hand +1697.6 | pol +0.0063 val 502.0171 ent 1.176 kl 1.3896 clip 0.223 | 3582s
iter   163 | hands 1673082 | mbb/hand  +828.1 | pol +0.0053 val 500.4418 ent 1.169 kl 1.3809 clip 0.222 | 3602s
iter   164 | hands 1683789 | mbb/hand  +794.4 | pol +0.0055 val 498.1071 ent 1.171 kl 1.3864 clip 0.226 | 3622s
iter   165 | hands 1694473 | mbb/hand  +423.9 | pol +0.0060 val 503.9724 ent 1.173 kl 1.4074 clip 0.224 | 3641s
iter   166 | hands 1705212 | mbb/hand  +827.4 | pol +0.0065 val 502.6194 ent 1.176 kl 1.4132 clip 0.226 | 3661s
iter   167 | hands 1715738 | mbb/hand  +776.7 | pol +0.0053 val 489.8064 ent 1.178 kl 1.4189 clip 0.227 | 3679s
iter   168 | hands 1726437 | mbb/hand +1103.3 | pol +0.0047 val 487.9318 ent 1.173 kl 1.3903 clip 0.218 | 3699s
iter   169 | hands 1737021 | mbb/hand  +476.6 | pol +0.0054 val 520.0131 ent 1.173 kl 1.4269 clip 0.226 | 3716s
iter   170 | hands 1747637 | mbb/hand  +859.6 | pol +0.0049 val 518.2656 ent 1.169 kl 1.4168 clip 0.219 | 3735s
iter   171 | hands 1758195 | mbb/hand +1004.7 | pol +0.0066 val 485.0815 ent 1.175 kl 1.4248 clip 0.226 | 3754s
iter   172 | hands 1768681 | mbb/hand  +906.1 | pol +0.0065 val 515.6162 ent 1.167 kl 1.4256 clip 0.223 | 3773s
iter   173 | hands 1779253 | mbb/hand  +728.4 | pol +0.0056 val 501.9300 ent 1.167 kl 1.4191 clip 0.222 | 3793s
iter   174 | hands 1789772 | mbb/hand  +539.7 | pol +0.0050 val 505.9124 ent 1.168 kl 1.4257 clip 0.226 | 3814s
iter   175 | hands 1800282 | mbb/hand +1017.6 | pol +0.0063 val 546.0910 ent 1.169 kl 1.4523 clip 0.220 | 3835s
iter   176 | hands 1810834 | mbb/hand  +405.6 | pol +0.0054 val 489.4731 ent 1.175 kl 1.4366 clip 0.226 | 3857s
iter   177 | hands 1821416 | mbb/hand  +960.2 | pol +0.0047 val 490.5239 ent 1.167 kl 1.4377 clip 0.221 | 3879s
iter   178 | hands 1831958 | mbb/hand +1342.4 | pol +0.0065 val 487.6694 ent 1.166 kl 1.4246 clip 0.221 | 3900s
iter   179 | hands 1842483 | mbb/hand +1111.4 | pol +0.0219 val 541.4164 ent 1.161 kl 1.4397 clip 0.222 | 3921s
iter   180 | hands 1853079 | mbb/hand  +778.6 | pol +0.0041 val 482.1810 ent 1.167 kl 1.4374 clip 0.217 | 3942s
iter   181 | hands 1863619 | mbb/hand +1047.2 | pol +0.0059 val 506.3912 ent 1.161 kl 1.4453 clip 0.216 | 3964s
iter   182 | hands 1874102 | mbb/hand  +968.2 | pol +0.0056 val 523.7688 ent 1.158 kl 1.4388 clip 0.217 | 3983s
iter   183 | hands 1884633 | mbb/hand  +704.0 | pol +0.0043 val 506.2564 ent 1.165 kl 1.4638 clip 0.221 | 4003s
iter   184 | hands 1895107 | mbb/hand  +859.8 | pol +0.0059 val 503.9093 ent 1.170 kl 1.4703 clip 0.219 | 4022s
iter   185 | hands 1905628 | mbb/hand  +558.3 | pol +0.0056 val 522.8811 ent 1.161 kl 1.4659 clip 0.217 | 4041s
iter   186 | hands 1916063 | mbb/hand  +992.0 | pol +0.0045 val 516.6182 ent 1.151 kl 1.4456 clip 0.219 | 4059s
iter   187 | hands 1926515 | mbb/hand  +907.7 | pol +0.0148 val 484.4951 ent 1.159 kl 1.4546 clip 0.219 | 4078s
iter   188 | hands 1937029 | mbb/hand +1161.6 | pol +0.0059 val 495.5894 ent 1.158 kl 1.4515 clip 0.220 | 4097s
iter   189 | hands 1947550 | mbb/hand  +898.0 | pol +0.0054 val 494.8058 ent 1.163 kl 1.4620 clip 0.218 | 4117s
iter   190 | hands 1957951 | mbb/hand  +824.8 | pol +0.0055 val 506.2188 ent 1.152 kl 1.4803 clip 0.216 | 4136s
iter   191 | hands 1968299 | mbb/hand  +517.1 | pol +0.0045 val 503.3800 ent 1.161 kl 1.4812 clip 0.219 | 4157s
iter   192 | hands 1978577 | mbb/hand  +650.6 | pol +0.0038 val 521.1698 ent 1.152 kl 1.4613 clip 0.215 | 4178s
iter   193 | hands 1988814 | mbb/hand  +543.1 | pol +0.0056 val 508.3154 ent 1.153 kl 1.4852 clip 0.216 | 4201s
iter   194 | hands 1999032 | mbb/hand  +998.3 | pol +0.0071 val 500.4408 ent 1.152 kl 1.4788 clip 0.212 | 4225s
iter   195 | hands 2009374 | mbb/hand  +743.2 | pol +0.0044 val 523.2768 ent 1.147 kl 1.4733 clip 0.211 | 4248s
iter   196 | hands 2019743 | mbb/hand  +729.7 | pol +0.0063 val 467.6314 ent 1.158 kl 1.4800 clip 0.211 | 4270s
iter   197 | hands 2029964 | mbb/hand +1345.7 | pol +0.0051 val 490.8088 ent 1.150 kl 1.4799 clip 0.212 | 4293s
iter   198 | hands 2040265 | mbb/hand +1113.1 | pol +0.0062 val 512.0053 ent 1.148 kl 1.4836 clip 0.210 | 4315s
iter   199 | hands 2050529 | mbb/hand +1395.2 | pol +0.0052 val 526.8786 ent 1.146 kl 1.4693 clip 0.213 | 4334s
iter   200 | hands 2060858 | mbb/hand  +409.1 | pol +0.0051 val 497.4331 ent 1.149 kl 1.4501 clip 0.209 | 4353s
iter   201 | hands 2071132 | mbb/hand  +553.4 | pol +0.0050 val 485.8224 ent 1.149 kl 1.4660 clip 0.210 | 4373s
iter   202 | hands 2081419 | mbb/hand  +737.7 | pol +0.0051 val 499.2756 ent 1.150 kl 1.4777 clip 0.210 | 4391s
iter   203 | hands 2091647 | mbb/hand  +967.6 | pol +0.0074 val 496.9967 ent 1.146 kl 1.4701 clip 0.207 | 4411s
iter   204 | hands 2101948 | mbb/hand  +904.6 | pol +0.0048 val 501.0202 ent 1.145 kl 1.4797 clip 0.208 | 4429s
iter   205 | hands 2112263 | mbb/hand +1397.6 | pol +0.0055 val 505.2458 ent 1.142 kl 1.4707 clip 0.208 | 4449s
iter   206 | hands 2122521 | mbb/hand +1320.6 | pol +0.0037 val 514.0309 ent 1.140 kl 1.4738 clip 0.203 | 4468s
iter   207 | hands 2132779 | mbb/hand +1171.2 | pol +0.0048 val 508.5961 ent 1.144 kl 1.4571 clip 0.209 | 4488s
iter   208 | hands 2142901 | mbb/hand  +831.0 | pol +0.0041 val 531.6465 ent 1.139 kl 1.4949 clip 0.207 | 4510s
iter   209 | hands 2153117 | mbb/hand  +614.8 | pol +0.0060 val 529.9264 ent 1.140 kl 1.4934 clip 0.203 | 4532s
iter   210 | hands 2163293 | mbb/hand  +364.8 | pol +0.0054 val 519.5442 ent 1.144 kl 1.4945 clip 0.206 | 4554s
iter   211 | hands 2173660 | mbb/hand  +754.5 | pol +0.0040 val 481.9746 ent 1.145 kl 1.4773 clip 0.205 | 4575s
iter   212 | hands 2183928 | mbb/hand +1096.0 | pol +0.0048 val 497.6634 ent 1.141 kl 1.4768 clip 0.204 | 4599s
iter   213 | hands 2194249 | mbb/hand  +813.8 | pol +0.0042 val 492.9468 ent 1.141 kl 1.4713 clip 0.204 | 4622s
iter   214 | hands 2204601 | mbb/hand  +782.4 | pol +0.0040 val 512.5716 ent 1.138 kl 1.4790 clip 0.199 | 4644s
iter   215 | hands 2214932 | mbb/hand  +643.0 | pol +0.0048 val 503.9744 ent 1.135 kl 1.4667 clip 0.199 | 4667s
iter   216 | hands 2225176 | mbb/hand +1193.5 | pol +0.0047 val 500.8665 ent 1.131 kl 1.4729 clip 0.202 | 4688s
iter   217 | hands 2235613 | mbb/hand  +519.7 | pol +0.0047 val 510.1068 ent 1.134 kl 1.4623 clip 0.198 | 4708s
iter   218 | hands 2245855 | mbb/hand  +712.3 | pol +0.0057 val 520.7197 ent 1.133 kl 1.4708 clip 0.205 | 4728s
iter   219 | hands 2256226 | mbb/hand  +911.5 | pol +0.0045 val 504.4170 ent 1.133 kl 1.4587 clip 0.200 | 4748s
iter   220 | hands 2266629 | mbb/hand  +633.7 | pol +0.0034 val 511.1175 ent 1.132 kl 1.4580 clip 0.196 | 4767s
iter   221 | hands 2276910 | mbb/hand +1021.0 | pol +0.0051 val 499.8487 ent 1.134 kl 1.4598 clip 0.196 | 4786s
iter   222 | hands 2287234 | mbb/hand +1330.7 | pol +0.0058 val 509.4899 ent 1.130 kl 1.4682 clip 0.195 | 4806s
iter   223 | hands 2297602 | mbb/hand  +753.3 | pol +0.0051 val 526.4241 ent 1.131 kl 1.4668 clip 0.198 | 4827s
iter   224 | hands 2307946 | mbb/hand  +779.6 | pol +0.0046 val 510.4921 ent 1.135 kl 1.4751 clip 0.198 | 4847s
iter   225 | hands 2318398 | mbb/hand  +897.2 | pol +0.0047 val 472.1467 ent 1.139 kl 1.4619 clip 0.194 | 4868s
iter   226 | hands 2328765 | mbb/hand  +387.7 | pol +0.0053 val 508.4367 ent 1.138 kl 1.4778 clip 0.200 | 4890s
iter   227 | hands 2339141 | mbb/hand  +360.7 | pol +0.0056 val 514.4031 ent 1.131 kl 1.4455 clip 0.196 | 4913s
iter   228 | hands 2349532 | mbb/hand  +998.4 | pol +0.0039 val 508.5761 ent 1.132 kl 1.4594 clip 0.201 | 4938s
iter   229 | hands 2359949 | mbb/hand +1208.5 | pol +0.0032 val 494.2773 ent 1.135 kl 1.4516 clip 0.198 | 4961s
iter   230 | hands 2370292 | mbb/hand  +447.9 | pol +0.0042 val 533.5478 ent 1.129 kl 1.4430 clip 0.200 | 4986s
iter   231 | hands 2380624 | mbb/hand  +445.6 | pol +0.0048 val 491.8760 ent 1.136 kl 1.4671 clip 0.201 | 5009s
iter   232 | hands 2390956 | mbb/hand  +711.0 | pol +0.0041 val 518.6653 ent 1.126 kl 1.4665 clip 0.196 | 5033s
iter   233 | hands 2401318 | mbb/hand  +502.8 | pol +0.0029 val 515.2217 ent 1.129 kl 1.4567 clip 0.199 | 5054s
iter   234 | hands 2411561 | mbb/hand  +804.5 | pol +0.0051 val 525.3110 ent 1.125 kl 1.4588 clip 0.197 | 5075s
iter   235 | hands 2421883 | mbb/hand +1173.6 | pol +0.0028 val 498.4313 ent 1.131 kl 1.4501 clip 0.196 | 5098s
iter   236 | hands 2432227 | mbb/hand +1108.7 | pol +0.0064 val 497.5294 ent 1.129 kl 1.4529 clip 0.195 | 5117s
iter   237 | hands 2442721 | mbb/hand  +823.8 | pol +0.0073 val 487.7795 ent 1.135 kl 1.4491 clip 0.198 | 5137s
iter   238 | hands 2453156 | mbb/hand  +628.2 | pol +0.0032 val 494.7241 ent 1.133 kl 1.4303 clip 0.194 | 5157s
iter   239 | hands 2463564 | mbb/hand  +330.9 | pol +0.0043 val 486.1436 ent 1.129 kl 1.4482 clip 0.196 | 5178s
iter   240 | hands 2473884 | mbb/hand  +625.6 | pol +0.0062 val 532.9670 ent 1.128 kl 1.4719 clip 0.198 | 5200s
iter   241 | hands 2484159 | mbb/hand  +631.8 | pol +0.0039 val 518.9466 ent 1.123 kl 1.4571 clip 0.197 | 5221s
iter   242 | hands 2494459 | mbb/hand +1113.4 | pol +0.0038 val 522.7858 ent 1.123 kl 1.4512 clip 0.196 | 5245s
iter   243 | hands 2504862 | mbb/hand +1126.2 | pol +0.0064 val 510.1162 ent 1.122 kl 1.4532 clip 0.192 | 5269s
iter   244 | hands 2515349 | mbb/hand  +848.6 | pol +0.0037 val 487.4489 ent 1.125 kl 1.4376 clip 0.196 | 5293s
iter   245 | hands 2525716 | mbb/hand +1094.3 | pol +0.0034 val 535.1873 ent 1.118 kl 1.4642 clip 0.193 | 5318s
iter   246 | hands 2536049 | mbb/hand  +949.6 | pol +0.0039 val 505.8326 ent 1.119 kl 1.4533 clip 0.193 | 5343s
iter   247 | hands 2546298 | mbb/hand +1332.5 | pol +0.0030 val 542.4258 ent 1.114 kl 1.4465 clip 0.193 | 5367s
iter   248 | hands 2556651 | mbb/hand  +377.9 | pol +0.0028 val 485.3685 ent 1.128 kl 1.4429 clip 0.192 | 5392s
iter   249 | hands 2567043 | mbb/hand +1297.3 | pol +0.0039 val 476.9826 ent 1.129 kl 1.4382 clip 0.193 | 5414s
iter   250 | hands 2577416 | mbb/hand  +760.7 | pol +0.0026 val 503.9871 ent 1.121 kl 1.4340 clip 0.195 | 5437s
iter   251 | hands 2587853 | mbb/hand  +508.0 | pol +0.0048 val 505.3843 ent 1.122 kl 1.4268 clip 0.194 | 5460s
iter   252 | hands 2598304 | mbb/hand +1093.4 | pol +0.0078 val 516.1494 ent 1.120 kl 1.4406 clip 0.192 | 5480s
iter   253 | hands 2608595 | mbb/hand  +522.5 | pol +0.0038 val 514.0270 ent 1.118 kl 1.4458 clip 0.193 | 5500s
iter   254 | hands 2619097 | mbb/hand +1548.5 | pol +0.0039 val 470.5337 ent 1.122 kl 1.4111 clip 0.192 | 5521s
iter   255 | hands 2629606 | mbb/hand  +976.9 | pol +0.0034 val 496.1513 ent 1.123 kl 1.4308 clip 0.195 | 5543s
iter   256 | hands 2640137 | mbb/hand  +486.2 | pol +0.0049 val 500.6787 ent 1.123 kl 1.4314 clip 0.187 | 5566s
iter   257 | hands 2650661 | mbb/hand  +923.9 | pol +0.0034 val 496.2376 ent 1.122 kl 1.4308 clip 0.188 | 5589s
iter   258 | hands 2661137 | mbb/hand  +929.2 | pol +0.0026 val 507.9421 ent 1.124 kl 1.4398 clip 0.187 | 5615s
iter   259 | hands 2671667 | mbb/hand  +971.1 | pol +0.0049 val 475.4510 ent 1.130 kl 1.4489 clip 0.192 | 5639s
iter   260 | hands 2682119 | mbb/hand  +517.3 | pol +0.0038 val 489.3779 ent 1.124 kl 1.4539 clip 0.189 | 5666s
iter   261 | hands 2692616 | mbb/hand  +745.2 | pol +0.0052 val 512.9498 ent 1.117 kl 1.4405 clip 0.187 | 5693s
iter   262 | hands 2703154 | mbb/hand  +856.5 | pol +0.0033 val 487.0263 ent 1.124 kl 1.4272 clip 0.189 | 5718s
iter   263 | hands 2713731 | mbb/hand  +754.6 | pol +0.0034 val 481.2444 ent 1.124 kl 1.4422 clip 0.191 | 5753s
iter   264 | hands 2724168 | mbb/hand  +541.7 | pol +0.0034 val 508.8032 ent 1.127 kl 1.4397 clip 0.187 | 5775s
iter   265 | hands 2734524 | mbb/hand  +347.1 | pol +0.0038 val 518.9763 ent 1.120 kl 1.4569 clip 0.186 | 5799s
iter   266 | hands 2744955 | mbb/hand +1280.6 | pol +0.0069 val 525.5156 ent 1.125 kl 1.4580 clip 0.191 | 5821s
iter   267 | hands 2755309 | mbb/hand  +697.2 | pol +0.0032 val 479.8298 ent 1.127 kl 1.4583 clip 0.188 | 5842s
iter   268 | hands 2765873 | mbb/hand +1049.1 | pol +0.0042 val 494.3198 ent 1.129 kl 1.4472 clip 0.180 | 5864s
iter   269 | hands 2776303 | mbb/hand  +531.1 | pol +0.0033 val 503.9452 ent 1.120 kl 1.4469 clip 0.186 | 5885s
iter   270 | hands 2786659 | mbb/hand  +556.6 | pol +0.0030 val 514.7678 ent 1.120 kl 1.4623 clip 0.187 | 5907s
iter   271 | hands 2797155 | mbb/hand  +253.3 | pol +0.0033 val 499.9408 ent 1.121 kl 1.4293 clip 0.186 | 5940s
iter   272 | hands 2807511 | mbb/hand  +960.8 | pol +0.0037 val 544.5902 ent 1.113 kl 1.4709 clip 0.184 | 5965s
iter   273 | hands 2817962 | mbb/hand  +678.5 | pol +0.0044 val 489.7105 ent 1.121 kl 1.4549 clip 0.188 | 5990s
iter   274 | hands 2828427 | mbb/hand +1038.5 | pol +0.0040 val 508.2136 ent 1.118 kl 1.4439 clip 0.186 | 6015s
iter   275 | hands 2838863 | mbb/hand  +577.2 | pol +0.0055 val 483.9524 ent 1.124 kl 1.4473 clip 0.188 | 6040s
iter   276 | hands 2849403 | mbb/hand  +754.9 | pol +0.0025 val 474.0174 ent 1.130 kl 1.4606 clip 0.186 | 6065s
iter   277 | hands 2859851 | mbb/hand  +664.7 | pol +0.0034 val 525.5992 ent 1.120 kl 1.4616 clip 0.184 | 6090s
iter   278 | hands 2870300 | mbb/hand  +536.4 | pol +0.0033 val 535.6322 ent 1.128 kl 1.4674 clip 0.189 | 6116s
iter   279 | hands 2880670 | mbb/hand +1060.8 | pol +0.0040 val 514.1750 ent 1.123 kl 1.4511 clip 0.185 | 6139s
iter   280 | hands 2891208 | mbb/hand  +926.5 | pol +0.0028 val 484.2578 ent 1.126 kl 1.4474 clip 0.186 | 6162s
iter   281 | hands 2901548 | mbb/hand  +504.1 | pol +0.0053 val 490.5990 ent 1.116 kl 1.4434 clip 0.185 | 6185s
iter   282 | hands 2911776 | mbb/hand  +980.1 | pol +0.0034 val 510.9774 ent 1.105 kl 1.4555 clip 0.185 | 6207s
iter   283 | hands 2921984 | mbb/hand  +922.7 | pol +0.0033 val 483.1942 ent 1.111 kl 1.4514 clip 0.183 | 6228s
iter   284 | hands 2932302 | mbb/hand  +638.6 | pol +0.0026 val 541.5637 ent 1.100 kl 1.4279 clip 0.180 | 6251s
iter   285 | hands 2942569 | mbb/hand  +607.5 | pol +0.0033 val 515.4707 ent 1.102 kl 1.4377 clip 0.180 | 6275s
iter   286 | hands 2952721 | mbb/hand  +445.7 | pol +0.0035 val 497.5329 ent 1.095 kl 1.4044 clip 0.181 | 6299s
iter   287 | hands 2962868 | mbb/hand +1084.5 | pol +0.0026 val 500.2353 ent 1.095 kl 1.4215 clip 0.179 | 6325s
iter   288 | hands 2973095 | mbb/hand  +788.4 | pol +0.0033 val 455.4497 ent 1.099 kl 1.4200 clip 0.180 | 6351s
iter   289 | hands 2983243 | mbb/hand  +343.1 | pol +0.0043 val 483.9271 ent 1.093 kl 1.4147 clip 0.179 | 6377s
iter   290 | hands 2993423 | mbb/hand  +440.9 | pol +0.0031 val 450.5625 ent 1.099 kl 1.4148 clip 0.176 | 6403s
iter   291 | hands 3003614 | mbb/hand +1167.7 | pol +0.0030 val 469.1488 ent 1.103 kl 1.4318 clip 0.179 | 6431s
iter   292 | hands 3013730 | mbb/hand  +972.0 | pol +0.0037 val 484.3273 ent 1.100 kl 1.4345 clip 0.180 | 6458s
iter   293 | hands 3023831 | mbb/hand  +767.3 | pol +0.0027 val 500.3577 ent 1.104 kl 1.4284 clip 0.180 | 6484s
iter   294 | hands 3033878 | mbb/hand  +255.9 | pol +0.0032 val 497.2426 ent 1.099 kl 1.4253 clip 0.178 | 6508s
iter   295 | hands 3044012 | mbb/hand  +661.6 | pol +0.0038 val 495.8145 ent 1.104 kl 1.4417 clip 0.180 | 6533s
iter   296 | hands 3054220 | mbb/hand   -91.3 | pol +0.0045 val 484.3513 ent 1.098 kl 1.4170 clip 0.178 | 6557s
iter   297 | hands 3064379 | mbb/hand  +943.1 | pol +0.0029 val 492.0763 ent 1.100 kl 1.4344 clip 0.180 | 6581s
iter   298 | hands 3074552 | mbb/hand +1171.7 | pol +0.0027 val 482.3359 ent 1.099 kl 1.4205 clip 0.177 | 6604s
iter   299 | hands 3084693 | mbb/hand +1177.9 | pol +0.0026 val 488.1207 ent 1.104 kl 1.4208 clip 0.180 | 6629s
iter   300 | hands 3094896 | mbb/hand  +637.2 | pol +0.0040 val 478.4756 ent 1.100 kl 1.4152 clip 0.180 | 6654s
iter   301 | hands 3105005 | mbb/hand  +290.2 | pol +0.0026 val 491.0687 ent 1.098 kl 1.4362 clip 0.178 | 6681s
iter   302 | hands 3115187 | mbb/hand  +656.2 | pol +0.0023 val 473.6186 ent 1.106 kl 1.4189 clip 0.179 | 6718s
iter   303 | hands 3125304 | mbb/hand  +197.5 | pol +0.0091 val 494.0150 ent 1.104 kl 1.4345 clip 0.176 | 6746s
iter   304 | hands 3135513 | mbb/hand  +861.5 | pol +0.0030 val 502.3845 ent 1.101 kl 1.4207 clip 0.176 | 6783s
iter   305 | hands 3145593 | mbb/hand  +604.0 | pol +0.0029 val 473.0964 ent 1.104 kl 1.4407 clip 0.183 | 6810s
iter   306 | hands 3155695 | mbb/hand  +906.5 | pol +0.0060 val 503.1255 ent 1.095 kl 1.4248 clip 0.174 | 6837s
iter   307 | hands 3165898 | mbb/hand +1140.5 | pol +0.0029 val 478.5309 ent 1.101 kl 1.4252 clip 0.174 | 6862s
iter   308 | hands 3176075 | mbb/hand  +878.0 | pol +0.0032 val 480.9024 ent 1.103 kl 1.4315 clip 0.177 | 6889s
iter   309 | hands 3186260 | mbb/hand  +697.7 | pol +0.0040 val 456.1717 ent 1.116 kl 1.4449 clip 0.181 | 6914s
iter   310 | hands 3196337 | mbb/hand +1426.1 | pol +0.0038 val 499.8757 ent 1.107 kl 1.4504 clip 0.181 | 6940s
iter   311 | hands 3206434 | mbb/hand  +878.4 | pol +0.0035 val 501.8820 ent 1.102 kl 1.4513 clip 0.177 | 6966s
iter   312 | hands 3216712 | mbb/hand  +555.4 | pol +0.0184 val 462.0870 ent 1.115 kl 1.4500 clip 0.175 | 6993s
iter   313 | hands 3226842 | mbb/hand  +645.5 | pol +0.0031 val 507.5456 ent 1.105 kl 1.4442 clip 0.178 | 7020s
iter   314 | hands 3237063 | mbb/hand  +945.4 | pol +0.0042 val 484.0498 ent 1.113 kl 1.4510 clip 0.175 | 7048s
iter   315 | hands 3247221 | mbb/hand  +591.3 | pol +0.0029 val 480.7430 ent 1.109 kl 1.4586 clip 0.175 | 7076s
iter   316 | hands 3257372 | mbb/hand  +926.8 | pol +0.0033 val 499.8679 ent 1.108 kl 1.4496 clip 0.170 | 7105s
iter   317 | hands 3267465 | mbb/hand  +725.2 | pol +0.0030 val 509.4829 ent 1.107 kl 1.4324 clip 0.173 | 7134s
iter   318 | hands 3277541 | mbb/hand  +581.3 | pol +0.0065 val 494.4028 ent 1.110 kl 1.4571 clip 0.172 | 7163s
iter   319 | hands 3287617 | mbb/hand +1184.1 | pol +0.0021 val 522.4107 ent 1.106 kl 1.4577 clip 0.173 | 7192s
iter   320 | hands 3297682 | mbb/hand  +371.2 | pol +0.0041 val 500.8466 ent 1.108 kl 1.4647 clip 0.170 | 7220s
iter   321 | hands 3307877 | mbb/hand  +540.0 | pol +0.0044 val 488.7817 ent 1.107 kl 1.4480 clip 0.173 | 7247s
iter   322 | hands 3317993 | mbb/hand  +588.6 | pol +0.0025 val 497.2314 ent 1.101 kl 1.4424 clip 0.170 | 7274s
iter   323 | hands 3328088 | mbb/hand  +802.8 | pol +0.0036 val 489.2522 ent 1.099 kl 1.4446 clip 0.173 | 7301s
iter   324 | hands 3338165 | mbb/hand  +601.2 | pol +0.0033 val 500.7168 ent 1.106 kl 1.4623 clip 0.174 | 7328s
iter   325 | hands 3348419 | mbb/hand +1110.7 | pol +0.0040 val 484.3213 ent 1.109 kl 1.4361 clip 0.175 | 7357s
iter   326 | hands 3358574 | mbb/hand  +950.6 | pol +0.0043 val 485.2348 ent 1.109 kl 1.4537 clip 0.173 | 7394s
iter   327 | hands 3368873 | mbb/hand  +730.4 | pol +0.0020 val 484.8466 ent 1.114 kl 1.4457 clip 0.173 | 7423s
iter   328 | hands 3378977 | mbb/hand +1207.0 | pol +0.0039 val 509.9715 ent 1.107 kl 1.4634 clip 0.174 | 7454s
iter   329 | hands 3389034 | mbb/hand +1035.5 | pol +0.0030 val 500.4609 ent 1.112 kl 1.4660 clip 0.174 | 7486s
iter   330 | hands 3399186 | mbb/hand  +642.4 | pol +0.0037 val 515.0145 ent 1.109 kl 1.4609 clip 0.172 | 7517s
iter   331 | hands 3409301 | mbb/hand  +650.5 | pol +0.0031 val 514.3314 ent 1.111 kl 1.4495 clip 0.171 | 7546s
iter   332 | hands 3419456 | mbb/hand  +484.8 | pol +0.0035 val 491.5167 ent 1.116 kl 1.4389 clip 0.172 | 7574s
iter   333 | hands 3429518 | mbb/hand  +958.4 | pol +0.0025 val 512.0348 ent 1.114 kl 1.4463 clip 0.173 | 7602s
iter   334 | hands 3439780 | mbb/hand  +914.2 | pol +0.0021 val 502.7608 ent 1.114 kl 1.4596 clip 0.172 | 7629s
iter   335 | hands 3450030 | mbb/hand  +977.2 | pol +0.0380 val 478.7681 ent 1.126 kl 1.4477 clip 0.175 | 7657s
iter   336 | hands 3460096 | mbb/hand  +731.1 | pol +0.0040 val 489.8637 ent 1.121 kl 1.4596 clip 0.179 | 7684s
iter   337 | hands 3470241 | mbb/hand  +775.0 | pol +0.0025 val 501.2652 ent 1.122 kl 1.4479 clip 0.175 | 7711s
iter   338 | hands 3480374 | mbb/hand  +990.1 | pol +0.0041 val 500.8736 ent 1.122 kl 1.4699 clip 0.172 | 7741s
iter   339 | hands 3490489 | mbb/hand  +419.8 | pol +0.0023 val 507.8973 ent 1.118 kl 1.4646 clip 0.172 | 7774s
iter   340 | hands 3500516 | mbb/hand  +616.1 | pol +0.0035 val 510.8602 ent 1.119 kl 1.4671 clip 0.172 | 7807s
iter   341 | hands 3510577 | mbb/hand +1626.7 | pol +0.0064 val 512.6397 ent 1.121 kl 1.4708 clip 0.175 | 7841s
iter   342 | hands 3520727 | mbb/hand  +715.2 | pol +0.0030 val 490.6352 ent 1.123 kl 1.4729 clip 0.170 | 7874s
iter   343 | hands 3530953 | mbb/hand  +637.4 | pol +0.0033 val 467.9704 ent 1.126 kl 1.4738 clip 0.169 | 7908s
iter   344 | hands 3541089 | mbb/hand  +804.6 | pol +0.0031 val 514.8978 ent 1.115 kl 1.4902 clip 0.166 | 7942s
iter   345 | hands 3551229 | mbb/hand   +30.0 | pol +0.0032 val 513.6361 ent 1.118 kl 1.4635 clip 0.170 | 7975s
iter   346 | hands 3561432 | mbb/hand  +730.7 | pol +0.0013 val 474.8216 ent 1.123 kl 1.4708 clip 0.168 | 8009s
iter   347 | hands 3571627 | mbb/hand  +805.2 | pol +0.0032 val 519.9690 ent 1.115 kl 1.4585 clip 0.166 | 8043s
iter   348 | hands 3581887 | mbb/hand  +311.8 | pol +0.0045 val 477.4155 ent 1.123 kl 1.4646 clip 0.169 | 8077s
iter   349 | hands 3591984 | mbb/hand +1206.6 | pol +0.0035 val 508.8038 ent 1.117 kl 1.4836 clip 0.166 | 8110s
iter   350 | hands 3602283 | mbb/hand  +576.7 | pol +0.0013 val 515.0986 ent 1.121 kl 1.4653 clip 0.168 | 8142s
iter   351 | hands 3612388 | mbb/hand  +697.7 | pol +0.0023 val 520.5889 ent 1.116 kl 1.4972 clip 0.165 | 8174s
iter   352 | hands 3622658 | mbb/hand  +473.1 | pol +0.0022 val 489.4201 ent 1.114 kl 1.4570 clip 0.162 | 8204s
iter   353 | hands 3632730 | mbb/hand  +730.8 | pol +0.0055 val 527.7115 ent 1.112 kl 1.4802 clip 0.164 | 8233s
iter   354 | hands 3642840 | mbb/hand +1076.9 | pol +0.0025 val 518.2342 ent 1.116 kl 1.4875 clip 0.169 | 8264s
iter   355 | hands 3653013 | mbb/hand  +431.6 | pol +0.0090 val 527.1968 ent 1.114 kl 1.4812 clip 0.165 | 8295s
iter   356 | hands 3663217 | mbb/hand  +629.1 | pol +0.0041 val 497.1011 ent 1.121 kl 1.4714 clip 0.161 | 8327s
iter   357 | hands 3673343 | mbb/hand  +942.0 | pol +0.0019 val 531.3898 ent 1.114 kl 1.4755 clip 0.165 | 8357s
iter   358 | hands 3683528 | mbb/hand  +568.6 | pol +0.0026 val 512.4385 ent 1.113 kl 1.4729 clip 0.164 | 8388s
iter   359 | hands 3693799 | mbb/hand  +473.6 | pol +0.0023 val 476.9700 ent 1.119 kl 1.4610 clip 0.164 | 8419s
iter   360 | hands 3704044 | mbb/hand  +784.6 | pol +0.0030 val 513.8819 ent 1.115 kl 1.4679 clip 0.161 | 8450s
iter   361 | hands 3714182 | mbb/hand  +977.1 | pol +0.0026 val 506.7166 ent 1.116 kl 1.4778 clip 0.164 | 8481s
iter   362 | hands 3724350 | mbb/hand  +575.5 | pol +0.0032 val 535.2071 ent 1.119 kl 1.4791 clip 0.167 | 8511s
iter   363 | hands 3734525 | mbb/hand +1338.5 | pol +0.0051 val 493.3988 ent 1.125 kl 1.4699 clip 0.163 | 8542s
iter   364 | hands 3744724 | mbb/hand  +552.6 | pol +0.0038 val 499.5041 ent 1.120 kl 1.4753 clip 0.165 | 8575s
iter   365 | hands 3754899 | mbb/hand  +147.9 | pol +0.0030 val 499.3789 ent 1.116 kl 1.4872 clip 0.160 | 8628s
iter   366 | hands 3764937 | mbb/hand   -45.2 | pol +0.0027 val 529.0570 ent 1.107 kl 1.4604 clip 0.163 | 8680s
iter   367 | hands 3775050 | mbb/hand  +672.6 | pol +0.0032 val 503.7503 ent 1.110 kl 1.4618 clip 0.162 | 8731s
iter   368 | hands 3785105 | mbb/hand  +740.0 | pol +0.0043 val 505.0728 ent 1.107 kl 1.4747 clip 0.159 | 8763s
iter   369 | hands 3795288 | mbb/hand  +784.7 | pol +0.0021 val 496.5379 ent 1.111 kl 1.4653 clip 0.163 | 8795s
iter   370 | hands 3805333 | mbb/hand +1141.3 | pol +0.0026 val 499.6772 ent 1.108 kl 1.4763 clip 0.161 | 8825s
iter   371 | hands 3815443 | mbb/hand  +927.2 | pol +0.0016 val 480.3494 ent 1.117 kl 1.4480 clip 0.167 | 8857s
iter   372 | hands 3825539 | mbb/hand  +824.9 | pol +0.0021 val 505.8700 ent 1.113 kl 1.4905 clip 0.163 | 8889s
iter   373 | hands 3835413 | mbb/hand  +420.7 | pol +0.0033 val 525.3949 ent 1.108 kl 1.4877 clip 0.162 | 8921s
iter   374 | hands 3845550 | mbb/hand  +819.3 | pol +0.0038 val 522.0716 ent 1.117 kl 1.4775 clip 0.162 | 8953s
iter   375 | hands 3855616 | mbb/hand  +287.9 | pol +0.0039 val 518.8058 ent 1.111 kl 1.4671 clip 0.164 | 8986s
iter   376 | hands 3865736 | mbb/hand  +677.3 | pol +0.0029 val 509.8159 ent 1.121 kl 1.4633 clip 0.163 | 9018s
iter   377 | hands 3875926 | mbb/hand  +976.8 | pol +0.0019 val 470.5766 ent 1.123 kl 1.4697 clip 0.160 | 9050s
iter   378 | hands 3885914 | mbb/hand  +974.9 | pol +0.0028 val 495.0921 ent 1.118 kl 1.4785 clip 0.166 | 9081s
iter   379 | hands 3895844 | mbb/hand  +744.8 | pol +0.0022 val 541.3649 ent 1.114 kl 1.4882 clip 0.164 | 9112s
iter   380 | hands 3905849 | mbb/hand +1106.0 | pol +0.0024 val 526.7496 ent 1.118 kl 1.4993 clip 0.163 | 9143s
iter   381 | hands 3915887 | mbb/hand  +674.7 | pol +0.0039 val 524.4332 ent 1.120 kl 1.4874 clip 0.164 | 9174s
iter   382 | hands 3925914 | mbb/hand +1036.9 | pol +0.0024 val 501.7781 ent 1.120 kl 1.4861 clip 0.164 | 9206s
iter   383 | hands 3935960 | mbb/hand  +825.4 | pol +0.0027 val 501.5638 ent 1.125 kl 1.5004 clip 0.166 | 9240s
iter   384 | hands 3946048 | mbb/hand  +925.0 | pol +0.0019 val 501.0068 ent 1.122 kl 1.4998 clip 0.161 | 9274s
iter   385 | hands 3956080 | mbb/hand  +731.2 | pol +0.0034 val 488.1091 ent 1.125 kl 1.4982 clip 0.164 | 9310s
iter   386 | hands 3965977 | mbb/hand  +591.3 | pol +0.0013 val 551.9145 ent 1.110 kl 1.5039 clip 0.161 | 9344s
iter   387 | hands 3976037 | mbb/hand  +489.6 | pol +0.0018 val 527.7234 ent 1.114 kl 1.4923 clip 0.161 | 9377s
iter   388 | hands 3985914 | mbb/hand  +501.3 | pol +0.0029 val 516.2455 ent 1.112 kl 1.5071 clip 0.162 | 9411s
iter   389 | hands 3995803 | mbb/hand +1236.2 | pol +0.0012 val 551.9428 ent 1.107 kl 1.4971 clip 0.162 | 9444s
iter   390 | hands 4005772 | mbb/hand  +427.0 | pol +0.0027 val 513.2019 ent 1.114 kl 1.4944 clip 0.163 | 9478s
iter   391 | hands 4015748 | mbb/hand  +848.9 | pol +0.0031 val 500.6021 ent 1.114 kl 1.4955 clip 0.159 | 9513s
iter   392 | hands 4025752 | mbb/hand  +419.3 | pol +0.0028 val 486.1300 ent 1.119 kl 1.4981 clip 0.161 | 9547s
iter   393 | hands 4035615 | mbb/hand  +842.9 | pol +0.0023 val 513.0254 ent 1.116 kl 1.4892 clip 0.163 | 9581s
iter   394 | hands 4045605 | mbb/hand  +748.3 | pol +0.0024 val 494.3925 ent 1.122 kl 1.4951 clip 0.160 | 9616s
iter   395 | hands 4055605 | mbb/hand  +420.4 | pol +0.0056 val 507.3557 ent 1.117 kl 1.4872 clip 0.163 | 9653s
iter   396 | hands 4065541 | mbb/hand  +976.8 | pol +0.0039 val 490.1562 ent 1.117 kl 1.4964 clip 0.164 | 9689s
iter   397 | hands 4075506 | mbb/hand +1081.2 | pol +0.0019 val 532.1908 ent 1.113 kl 1.4853 clip 0.161 | 9725s
iter   398 | hands 4085543 | mbb/hand  +726.4 | pol +0.0030 val 486.0438 ent 1.128 kl 1.4958 clip 0.165 | 9773s
iter   399 | hands 4095608 | mbb/hand  +792.0 | pol +0.0025 val 516.6699 ent 1.124 kl 1.4887 clip 0.161 | 9812s
iter   400 | hands 4105605 | mbb/hand  +261.5 | pol +0.0065 val 524.9486 ent 1.116 kl 1.4904 clip 0.160 | 9853s
iter   401 | hands 4115633 | mbb/hand  +790.7 | pol +0.0018 val 514.0303 ent 1.122 kl 1.4733 clip 0.161 | 9892s
iter   402 | hands 4125571 | mbb/hand  +906.7 | pol +0.0023 val 528.6281 ent 1.122 kl 1.5185 clip 0.160 | 9933s
iter   403 | hands 4135625 | mbb/hand  +771.5 | pol +0.0019 val 493.9811 ent 1.127 kl 1.4876 clip 0.163 | 9971s
iter   404 | hands 4145590 | mbb/hand  +669.0 | pol +0.0018 val 507.2158 ent 1.120 kl 1.4936 clip 0.161 | 10007s
iter   405 | hands 4155485 | mbb/hand +1453.2 | pol +0.0044 val 520.9302 ent 1.117 kl 1.4993 clip 0.160 | 10043s
iter   406 | hands 4165471 | mbb/hand  +878.7 | pol +0.0024 val 510.6947 ent 1.127 kl 1.5058 clip 0.162 | 10080s
iter   407 | hands 4175335 | mbb/hand  +999.7 | pol +0.0016 val 534.7018 ent 1.117 kl 1.5073 clip 0.161 | 10116s
iter   408 | hands 4185182 | mbb/hand  +600.3 | pol +0.0015 val 513.0983 ent 1.113 kl 1.5003 clip 0.161 | 10154s
iter   409 | hands 4195075 | mbb/hand  +850.2 | pol +0.0028 val 501.3514 ent 1.118 kl 1.5066 clip 0.162 | 10191s
iter   410 | hands 4204846 | mbb/hand  -161.8 | pol +0.0019 val 529.0915 ent 1.116 kl 1.5110 clip 0.160 | 10228s
iter   411 | hands 4214647 | mbb/hand  +354.3 | pol +0.0038 val 520.8100 ent 1.115 kl 1.4974 clip 0.161 | 10265s
iter   412 | hands 4224518 | mbb/hand  +697.9 | pol +0.0033 val 487.5688 ent 1.124 kl 1.5074 clip 0.163 | 10303s
iter   413 | hands 4234324 | mbb/hand  +458.6 | pol +0.0016 val 554.8970 ent 1.107 kl 1.4993 clip 0.158 | 10352s
iter   414 | hands 4244169 | mbb/hand  +882.3 | pol +0.0025 val 511.6074 ent 1.112 kl 1.4875 clip 0.160 | 10390s
iter   415 | hands 4254060 | mbb/hand +1301.7 | pol +0.0022 val 491.9460 ent 1.122 kl 1.5079 clip 0.162 | 10435s
iter   416 | hands 4264053 | mbb/hand  +866.5 | pol +0.0023 val 503.3942 ent 1.116 kl 1.4778 clip 0.160 | 10477s
iter   417 | hands 4274053 | mbb/hand  +917.2 | pol +0.0035 val 497.3277 ent 1.120 kl 1.4762 clip 0.160 | 10519s
iter   418 | hands 4283976 | mbb/hand  +803.6 | pol +0.0015 val 525.0031 ent 1.122 kl 1.5017 clip 0.161 | 10569s
iter   419 | hands 4293800 | mbb/hand  +235.1 | pol +0.0018 val 534.1829 ent 1.117 kl 1.5048 clip 0.162 | 10623s
iter   420 | hands 4303727 | mbb/hand  +685.6 | pol +0.0018 val 513.2869 ent 1.121 kl 1.4876 clip 0.162 | 10679s
iter   421 | hands 4313710 | mbb/hand   +81.2 | pol +0.0020 val 538.0797 ent 1.118 kl 1.4796 clip 0.159 | 10732s
iter   422 | hands 4323770 | mbb/hand  +373.5 | pol +0.0021 val 477.3986 ent 1.123 kl 1.4728 clip 0.160 | 10774s
iter   423 | hands 4333551 | mbb/hand  +459.8 | pol +0.0020 val 515.9808 ent 1.118 kl 1.4990 clip 0.161 | 10829s
iter   424 | hands 4343471 | mbb/hand  +546.7 | pol +0.0027 val 481.4143 ent 1.112 kl 1.4678 clip 0.158 | 10886s
iter   425 | hands 4353328 | mbb/hand  +788.8 | pol +0.0046 val 529.9233 ent 1.108 kl 1.4846 clip 0.155 | 10943s
iter   426 | hands 4363209 | mbb/hand  +967.8 | pol +0.0027 val 522.8004 ent 1.113 kl 1.4712 clip 0.158 | 11001s
iter   427 | hands 4373007 | mbb/hand  +653.4 | pol +0.0017 val 521.9866 ent 1.115 kl 1.4858 clip 0.158 | 11059s
iter   428 | hands 4382754 | mbb/hand  +974.3 | pol +0.0024 val 535.0006 ent 1.109 kl 1.4827 clip 0.155 | 11118s
iter   429 | hands 4392735 | mbb/hand  +683.6 | pol +0.0012 val 497.0209 ent 1.122 kl 1.4657 clip 0.156 | 11177s
iter   430 | hands 4402451 | mbb/hand  +635.9 | pol +0.0026 val 524.6940 ent 1.115 kl 1.4767 clip 0.160 | 11234s
iter   431 | hands 4412186 | mbb/hand  +758.0 | pol +0.0044 val 533.4788 ent 1.114 kl 1.4925 clip 0.158 | 11291s
iter   432 | hands 4422020 | mbb/hand  +572.2 | pol +0.0017 val 540.6534 ent 1.119 kl 1.5009 clip 0.157 | 11347s
iter   433 | hands 4431770 | mbb/hand  +550.9 | pol +0.0027 val 527.8361 ent 1.111 kl 1.4935 clip 0.158 | 11403s
iter   434 | hands 4441596 | mbb/hand  +739.1 | pol +0.0035 val 495.8949 ent 1.123 kl 1.4844 clip 0.155 | 11460s
iter   435 | hands 4451318 | mbb/hand  +644.0 | pol +0.0030 val 515.0683 ent 1.118 kl 1.5020 clip 0.159 | 11516s
iter   436 | hands 4461059 | mbb/hand  +113.3 | pol +0.0021 val 505.3038 ent 1.121 kl 1.4875 clip 0.158 | 11572s
iter   437 | hands 4470740 | mbb/hand  +422.4 | pol +0.0037 val 509.7305 ent 1.126 kl 1.5048 clip 0.162 | 11645s
iter   438 | hands 4480566 | mbb/hand  +965.6 | pol +0.0045 val 511.8623 ent 1.124 kl 1.4865 clip 0.157 | 11705s
iter   439 | hands 4490386 | mbb/hand  +506.2 | pol +0.0047 val 519.3013 ent 1.133 kl 1.4969 clip 0.160 | 11784s
iter   440 | hands 4500052 | mbb/hand  +445.2 | pol +0.0028 val 532.0016 ent 1.121 kl 1.5126 clip 0.157 | 11846s
iter   441 | hands 4509969 | mbb/hand  +499.4 | pol +0.0035 val 502.7309 ent 1.131 kl 1.4823 clip 0.157 | 11908s
iter   442 | hands 4519731 | mbb/hand +1284.3 | pol +0.0017 val 514.2546 ent 1.121 kl 1.5047 clip 0.160 | 11970s
iter   443 | hands 4529527 | mbb/hand  +409.9 | pol +0.0029 val 508.2142 ent 1.123 kl 1.5130 clip 0.159 | 12031s
iter   444 | hands 4539475 | mbb/hand  +724.7 | pol +0.0028 val 520.3369 ent 1.132 kl 1.4946 clip 0.160 | 12092s
iter   445 | hands 4549344 | mbb/hand  +791.5 | pol +0.0015 val 529.0543 ent 1.128 kl 1.5153 clip 0.159 | 12155s
iter   446 | hands 4559134 | mbb/hand  +575.0 | pol +0.0044 val 516.0665 ent 1.125 kl 1.5146 clip 0.161 | 12217s
iter   447 | hands 4568968 | mbb/hand  +502.0 | pol +0.0026 val 546.6263 ent 1.128 kl 1.5180 clip 0.159 | 12278s
iter   448 | hands 4578729 | mbb/hand  +519.9 | pol +0.0020 val 519.4592 ent 1.124 kl 1.5030 clip 0.158 | 12342s
iter   449 | hands 4588317 | mbb/hand   +56.5 | pol +0.0029 val 482.5954 ent 1.108 kl 1.4889 clip 0.156 | 12405s
iter   450 | hands 4597963 | mbb/hand  +526.3 | pol +0.0014 val 507.4451 ent 1.113 kl 1.4849 clip 0.156 | 12470s
iter   451 | hands 4607640 | mbb/hand +1003.0 | pol +0.0018 val 477.5570 ent 1.118 kl 1.4850 clip 0.157 | 12536s
iter   452 | hands 4617225 | mbb/hand  +127.8 | pol +0.0021 val 535.3024 ent 1.112 kl 1.5203 clip 0.156 | 12599s
iter   453 | hands 4626873 | mbb/hand  +646.9 | pol +0.0014 val 529.3885 ent 1.110 kl 1.4958 clip 0.150 | 12680s
iter   454 | hands 4636518 | mbb/hand  +641.2 | pol +0.0021 val 547.4764 ent 1.107 kl 1.4932 clip 0.154 | 12746s
iter   455 | hands 4646156 | mbb/hand  +984.0 | pol +0.0037 val 514.8664 ent 1.114 kl 1.5011 clip 0.154 | 12810s
iter   456 | hands 4655836 | mbb/hand  +796.0 | pol +0.0020 val 529.1258 ent 1.107 kl 1.4912 clip 0.152 | 12876s
iter   457 | hands 4665580 | mbb/hand  +648.0 | pol +0.0015 val 517.4656 ent 1.116 kl 1.5034 clip 0.155 | 12941s
iter   458 | hands 4675218 | mbb/hand  +830.0 | pol +0.0016 val 536.3236 ent 1.111 kl 1.5213 clip 0.158 | 13004s
iter   459 | hands 4684769 | mbb/hand  +643.1 | pol +0.0010 val 539.9799 ent 1.114 kl 1.5148 clip 0.153 | 13067s
iter   460 | hands 4694343 | mbb/hand +1319.7 | pol +0.0042 val 527.3370 ent 1.107 kl 1.5204 clip 0.152 | 13130s
iter   461 | hands 4704000 | mbb/hand  +333.7 | pol +0.0053 val 530.6063 ent 1.112 kl 1.4936 clip 0.154 | 13199s
iter   462 | hands 4713662 | mbb/hand  +729.3 | pol +0.2157 val 505.1985 ent 1.116 kl 1.4903 clip 0.152 | 13290s
iter   463 | hands 4723302 | mbb/hand  +848.7 | pol +0.0026 val 524.2045 ent 1.114 kl 1.4907 clip 0.155 | 13362s
iter   464 | hands 4732976 | mbb/hand  +466.5 | pol +0.0020 val 512.9532 ent 1.109 kl 1.4786 clip 0.152 | 13436s
iter   465 | hands 4742574 | mbb/hand  +562.7 | pol +0.0027 val 508.7935 ent 1.111 kl 1.4989 clip 0.155 | 13509s
iter   466 | hands 4752308 | mbb/hand +1061.7 | pol +0.0027 val 478.2286 ent 1.118 kl 1.4830 clip 0.157 | 13583s
iter   467 | hands 4762034 | mbb/hand  +987.1 | pol +0.0027 val 514.5087 ent 1.116 kl 1.5032 clip 0.154 | 13656s
iter   468 | hands 4771775 | mbb/hand  +373.3 | pol +0.0030 val 514.0032 ent 1.118 kl 1.4870 clip 0.157 | 13726s
iter   469 | hands 4781439 | mbb/hand  +653.6 | pol +0.0032 val 502.2604 ent 1.116 kl 1.5110 clip 0.152 | 13816s
iter   470 | hands 4791027 | mbb/hand +1224.9 | pol +0.0024 val 520.9719 ent 1.108 kl 1.4819 clip 0.156 | 13918s
iter   471 | hands 4800579 | mbb/hand  +797.5 | pol +0.0013 val 491.7908 ent 1.104 kl 1.4891 clip 0.149 | 14010s
iter   472 | hands 4810204 | mbb/hand  +944.6 | pol +0.0030 val 478.8848 ent 1.116 kl 1.5021 clip 0.154 | 14081s
iter   473 | hands 4819886 | mbb/hand  +887.9 | pol +0.0022 val 517.4979 ent 1.111 kl 1.4733 clip 0.153 | 14153s
iter   474 | hands 4829412 | mbb/hand +1139.3 | pol +0.0024 val 536.8314 ent 1.108 kl 1.5164 clip 0.154 | 14223s
iter   475 | hands 4838952 | mbb/hand  +653.0 | pol +0.0016 val 509.2143 ent 1.110 kl 1.5079 clip 0.154 | 14293s
iter   476 | hands 4848606 | mbb/hand  +552.6 | pol +0.0017 val 506.6119 ent 1.111 kl 1.5105 clip 0.151 | 14365s
iter   477 | hands 4858201 | mbb/hand  +620.1 | pol +0.0020 val 511.9158 ent 1.112 kl 1.5104 clip 0.156 | 14434s
iter   478 | hands 4867854 | mbb/hand  +994.4 | pol +0.0018 val 517.8557 ent 1.115 kl 1.5198 clip 0.155 | 14505s
iter   479 | hands 4877419 | mbb/hand  +756.1 | pol +0.0020 val 536.2036 ent 1.106 kl 1.5199 clip 0.155 | 14577s
iter   480 | hands 4886962 | mbb/hand  +940.2 | pol +0.0022 val 528.8071 ent 1.109 kl 1.5259 clip 0.152 | 14652s
iter   481 | hands 4896629 | mbb/hand  +487.5 | pol +0.0013 val 513.0321 ent 1.110 kl 1.5092 clip 0.152 | 14727s
iter   482 | hands 4906184 | mbb/hand  -112.6 | pol +0.0018 val 525.4892 ent 1.108 kl 1.4971 clip 0.155 | 14802s
iter   483 | hands 4915807 | mbb/hand  +576.8 | pol +0.0016 val 532.5555 ent 1.104 kl 1.4978 clip 0.152 | 14902s
iter   484 | hands 4925424 | mbb/hand  +612.4 | pol +0.0020 val 494.3598 ent 1.104 kl 1.4962 clip 0.151 | 15011s
iter   485 | hands 4934961 | mbb/hand  +843.9 | pol +0.0019 val 531.2029 ent 1.109 kl 1.4966 clip 0.152 | 15125s
iter   486 | hands 4944639 | mbb/hand  +832.4 | pol +0.0013 val 494.1552 ent 1.111 kl 1.4966 clip 0.151 | 15218s
iter   487 | hands 4954179 | mbb/hand  +908.8 | pol +0.0016 val 483.6155 ent 1.108 kl 1.5055 clip 0.154 | 15298s
iter   488 | hands 4963756 | mbb/hand +1116.2 | pol +0.0027 val 486.8308 ent 1.102 kl 1.4888 clip 0.154 | 15371s
iter   489 | hands 4973258 | mbb/hand  +717.0 | pol +0.0014 val 500.0745 ent 1.104 kl 1.5002 clip 0.154 | 15445s
iter   490 | hands 4982777 | mbb/hand  +754.6 | pol +0.0019 val 532.5664 ent 1.104 kl 1.4912 clip 0.156 | 15518s
iter   491 | hands 4992234 | mbb/hand  +274.5 | pol +0.0027 val 521.8593 ent 1.101 kl 1.5091 clip 0.149 | 15592s
iter   492 | hands 5001630 | mbb/hand +1049.8 | pol +0.0022 val 544.1337 ent 1.104 kl 1.5206 clip 0.152 | 15669s
iter   493 | hands 5011024 | mbb/hand  +823.4 | pol +0.0025 val 529.1183 ent 1.105 kl 1.5269 clip 0.153 | 15742s
iter   494 | hands 5020590 | mbb/hand  +597.1 | pol +0.0019 val 510.8192 ent 1.112 kl 1.5009 clip 0.153 | 15815s
iter   495 | hands 5030109 | mbb/hand  +921.6 | pol +0.0028 val 500.2163 ent 1.113 kl 1.4998 clip 0.155 | 15889s
iter   496 | hands 5039593 | mbb/hand  +563.7 | pol +0.0014 val 478.5507 ent 1.118 kl 1.5118 clip 0.155 | 15963s
iter   497 | hands 5049155 | mbb/hand  +597.3 | pol +0.0010 val 543.4887 ent 1.116 kl 1.5074 clip 0.154 | 16038s
iter   498 | hands 5058615 | mbb/hand  +848.8 | pol +0.0018 val 523.7251 ent 1.117 kl 1.5187 clip 0.158 | 16113s
iter   499 | hands 5068183 | mbb/hand  +819.0 | pol +0.0017 val 501.9776 ent 1.118 kl 1.5181 clip 0.152 | 16188s
iter   500 | hands 5077582 | mbb/hand  +778.7 | pol +0.0036 val 557.3640 ent 1.107 kl 1.5166 clip 0.153 | 16265s
iter   501 | hands 5086980 | mbb/hand  +983.7 | pol +0.0022 val 576.6452 ent 1.112 kl 1.5186 clip 0.153 | 16343s
iter   502 | hands 5096435 | mbb/hand  +919.1 | pol +0.0024 val 523.5666 ent 1.115 kl 1.5116 clip 0.155 | 16422s
iter   503 | hands 5105935 | mbb/hand  +746.4 | pol +0.0015 val 535.3785 ent 1.117 kl 1.5088 clip 0.155 | 16499s
iter   504 | hands 5115454 | mbb/hand +1075.5 | pol +0.0021 val 481.0803 ent 1.122 kl 1.4985 clip 0.157 | 16576s
iter   505 | hands 5124971 | mbb/hand  +958.0 | pol +0.0017 val 531.9918 ent 1.120 kl 1.5238 clip 0.155 | 16653s
iter   506 | hands 5134520 | mbb/hand  +507.3 | pol +0.0036 val 521.2063 ent 1.114 kl 1.5004 clip 0.152 | 16736s
iter   507 | hands 5143976 | mbb/hand  +704.3 | pol +0.0014 val 513.0910 ent 1.106 kl 1.5050 clip 0.150 | 16818s
iter   508 | hands 5153302 | mbb/hand  +444.7 | pol +0.0009 val 529.3681 ent 1.102 kl 1.5051 clip 0.154 | 16898s
iter   509 | hands 5162720 | mbb/hand  +638.8 | pol +0.0035 val 495.0999 ent 1.108 kl 1.5011 clip 0.151 | 16979s
iter   510 | hands 5172130 | mbb/hand  +842.0 | pol +0.0020 val 471.1001 ent 1.112 kl 1.5013 clip 0.159 | 17056s
iter   511 | hands 5181569 | mbb/hand  +645.8 | pol +0.0032 val 524.2879 ent 1.108 kl 1.4844 clip 0.156 | 17141s
iter   512 | hands 5191042 | mbb/hand  +664.9 | pol +0.0025 val 512.7993 ent 1.105 kl 1.4892 clip 0.151 | 17228s
iter   513 | hands 5200475 | mbb/hand  +668.7 | pol +0.0011 val 526.6015 ent 1.104 kl 1.5067 clip 0.156 | 17321s
iter   514 | hands 5209817 | mbb/hand  +668.6 | pol +0.0026 val 515.6457 ent 1.098 kl 1.5032 clip 0.156 | 17413s
iter   515 | hands 5219311 | mbb/hand  +904.1 | pol +0.0027 val 512.8507 ent 1.101 kl 1.4882 clip 0.154 | 17506s
iter   516 | hands 5228737 | mbb/hand  +631.4 | pol +0.0015 val 537.9730 ent 1.100 kl 1.5039 clip 0.153 | 17599s
iter   517 | hands 5238244 | mbb/hand  +512.8 | pol +0.0026 val 528.7261 ent 1.105 kl 1.4835 clip 0.153 | 17690s
iter   518 | hands 5247603 | mbb/hand  +538.8 | pol +0.0023 val 530.7259 ent 1.090 kl 1.4833 clip 0.153 | 17778s
iter   519 | hands 5257011 | mbb/hand  +414.8 | pol +0.0020 val 502.0515 ent 1.097 kl 1.4702 clip 0.155 | 17866s
iter   520 | hands 5266297 | mbb/hand  +701.6 | pol +0.0033 val 523.3908 ent 1.095 kl 1.4785 clip 0.154 | 17953s
iter   521 | hands 5275773 | mbb/hand  +538.2 | pol +0.0026 val 509.5465 ent 1.101 kl 1.4627 clip 0.155 | 18042s
iter   522 | hands 5285198 | mbb/hand  +900.5 | pol +0.0034 val 530.4557 ent 1.104 kl 1.4774 clip 0.153 | 18130s
iter   523 | hands 5294553 | mbb/hand  +940.9 | pol +0.0025 val 558.7370 ent 1.099 kl 1.4722 clip 0.156 | 18222s
iter   524 | hands 5303893 | mbb/hand  +372.3 | pol +0.0020 val 501.7744 ent 1.103 kl 1.4795 clip 0.154 | 18308s
iter   525 | hands 5313354 | mbb/hand  +408.4 | pol +0.0024 val 456.4087 ent 1.105 kl 1.4676 clip 0.151 | 18393s
iter   526 | hands 5322674 | mbb/hand  +587.4 | pol +0.0023 val 517.9615 ent 1.100 kl 1.4879 clip 0.152 | 18483s
iter   527 | hands 5332102 | mbb/hand  +994.3 | pol +0.0026 val 516.8640 ent 1.105 kl 1.4968 clip 0.156 | 18571s
iter   528 | hands 5341419 | mbb/hand  +488.3 | pol +0.0027 val 529.6192 ent 1.100 kl 1.4848 clip 0.150 | 18660s
iter   529 | hands 5350877 | mbb/hand  +289.4 | pol +0.0027 val 496.2921 ent 1.109 kl 1.4670 clip 0.156 | 18747s
iter   530 | hands 5360232 | mbb/hand  +124.4 | pol +0.0022 val 499.0297 ent 1.112 kl 1.4802 clip 0.156 | 18836s
