Capped GPU memory fraction to 0.80
iter     1 | hands   11791 | mbb/hand   -59.3 | pol +0.0000 val 33.9330 ent 0.694 kl 0.0294 clip 0.179 | 19s
iter     2 | hands   23119 | mbb/hand   +40.3 | pol -0.0009 val 51.5075 ent 0.758 kl 0.0573 clip 0.202 | 37s
iter     3 | hands   33738 | mbb/hand  +289.5 | pol +0.0007 val 76.8170 ent 0.827 kl 0.1075 clip 0.225 | 55s
iter     4 | hands   43519 | mbb/hand  +232.6 | pol +0.0025 val 97.5024 ent 0.891 kl 0.1652 clip 0.240 | 72s
iter     5 | hands   52909 | mbb/hand  +122.7 | pol +0.0054 val 123.2758 ent 0.931 kl 0.2156 clip 0.254 | 89s
iter     6 | hands   62021 | mbb/hand  +210.7 | pol +0.0082 val 142.8311 ent 0.946 kl 0.2499 clip 0.259 | 106s
iter     7 | hands   71088 | mbb/hand  +732.8 | pol +0.0038 val 146.0974 ent 0.968 kl 0.2921 clip 0.273 | 123s
iter     8 | hands   79868 | mbb/hand  +481.4 | pol +0.0039 val 161.2861 ent 0.997 kl 0.3431 clip 0.285 | 139s
iter     9 | hands   88453 | mbb/hand  +858.1 | pol +0.0066 val 210.2225 ent 1.004 kl 0.3799 clip 0.296 | 156s
iter    10 | hands   96825 | mbb/hand  +954.5 | pol +0.0076 val 248.0381 ent 1.015 kl 0.3942 clip 0.301 | 173s
iter    11 | hands  105609 | mbb/hand  +696.7 | pol +0.0057 val 226.7926 ent 1.015 kl 0.3856 clip 0.305 | 192s
iter    12 | hands  114458 | mbb/hand  +757.3 | pol +0.0078 val 236.8783 ent 1.017 kl 0.3961 clip 0.313 | 212s
iter    13 | hands  123269 | mbb/hand  +795.5 | pol +0.0069 val 233.5683 ent 1.015 kl 0.3983 clip 0.317 | 231s
iter    14 | hands  132235 | mbb/hand  +785.7 | pol +0.0074 val 216.2291 ent 1.012 kl 0.3958 clip 0.324 | 250s
iter    15 | hands  141334 | mbb/hand  +878.8 | pol +0.0086 val 216.9268 ent 1.016 kl 0.4180 clip 0.335 | 272s
iter    16 | hands  150282 | mbb/hand +1696.3 | pol +0.0093 val 247.9722 ent 1.022 kl 0.4423 clip 0.341 | 291s
iter    17 | hands  159330 | mbb/hand +1130.2 | pol +0.0139 val 265.7479 ent 1.013 kl 0.4402 clip 0.341 | 310s
iter    18 | hands  168568 | mbb/hand +1196.8 | pol +0.0122 val 234.1754 ent 1.012 kl 0.4476 clip 0.347 | 331s
iter    19 | hands  177718 | mbb/hand  +978.1 | pol +0.0111 val 263.6974 ent 1.007 kl 0.4600 clip 0.347 | 349s
iter    20 | hands  187084 | mbb/hand  +747.3 | pol +0.0125 val 246.5627 ent 1.000 kl 0.4696 clip 0.340 | 369s
iter    21 | hands  196481 | mbb/hand  +833.9 | pol +0.0160 val 234.7529 ent 0.998 kl 0.4863 clip 0.335 | 387s
iter    22 | hands  205914 | mbb/hand +1077.0 | pol +0.0105 val 228.6676 ent 0.989 kl 0.4996 clip 0.327 | 404s
iter    23 | hands  215430 | mbb/hand +1099.9 | pol +0.0096 val 235.7300 ent 0.991 kl 0.5171 clip 0.327 | 423s
iter    24 | hands  224948 | mbb/hand +1188.8 | pol +0.0094 val 219.2052 ent 1.002 kl 0.5439 clip 0.332 | 440s
iter    25 | hands  234392 | mbb/hand  +853.0 | pol +0.0093 val 230.1416 ent 1.002 kl 0.5639 clip 0.329 | 457s
iter    26 | hands  243891 | mbb/hand +1289.8 | pol +0.0111 val 210.3307 ent 1.006 kl 0.5822 clip 0.329 | 475s
iter    27 | hands  253188 | mbb/hand +1062.5 | pol +0.0131 val 227.9469 ent 1.019 kl 0.6124 clip 0.340 | 494s
iter    28 | hands  262366 | mbb/hand  +833.1 | pol +0.0161 val 237.0237 ent 1.024 kl 0.6267 clip 0.335 | 513s
iter    29 | hands  271639 | mbb/hand  +806.7 | pol +0.0113 val 213.7097 ent 1.033 kl 0.6453 clip 0.335 | 533s
iter    30 | hands  281069 | mbb/hand  +818.8 | pol +0.0141 val 226.7233 ent 1.032 kl 0.6655 clip 0.329 | 552s
iter    31 | hands  290262 | mbb/hand +1153.8 | pol +0.0111 val 242.5702 ent 1.051 kl 0.7026 clip 0.340 | 573s
iter    32 | hands  299557 | mbb/hand +1237.1 | pol +0.0134 val 239.9997 ent 1.052 kl 0.7284 clip 0.335 | 595s
iter    33 | hands  308684 | mbb/hand +1310.8 | pol +0.0138 val 227.7113 ent 1.071 kl 0.7669 clip 0.338 | 616s
iter    34 | hands  317812 | mbb/hand +1124.9 | pol +0.0124 val 245.2627 ent 1.076 kl 0.7843 clip 0.330 | 637s
iter    35 | hands  326932 | mbb/hand  +769.5 | pol +0.0154 val 257.9684 ent 1.078 kl 0.8167 clip 0.328 | 658s
iter    36 | hands  335913 | mbb/hand +1066.7 | pol +0.0130 val 241.5081 ent 1.093 kl 0.8437 clip 0.332 | 676s
iter    37 | hands  345005 | mbb/hand +1192.8 | pol +0.0122 val 246.9766 ent 1.098 kl 0.8548 clip 0.324 | 694s
iter    38 | hands  354058 | mbb/hand  +941.7 | pol +0.0135 val 259.3056 ent 1.103 kl 0.8931 clip 0.327 | 714s
iter    39 | hands  362971 | mbb/hand  +791.0 | pol +0.0168 val 261.1500 ent 1.119 kl 0.9454 clip 0.330 | 732s
iter    40 | hands  371855 | mbb/hand  +927.4 | pol +0.0170 val 290.1659 ent 1.122 kl 0.9610 clip 0.326 | 748s
iter    41 | hands  380769 | mbb/hand  +932.2 | pol +0.0178 val 312.7352 ent 1.119 kl 0.9842 clip 0.332 | 765s
iter    42 | hands  389702 | mbb/hand  +664.4 | pol +0.0125 val 317.5892 ent 1.133 kl 1.0080 clip 0.330 | 785s
iter    43 | hands  398676 | mbb/hand  +364.9 | pol +0.0140 val 319.7527 ent 1.137 kl 1.0384 clip 0.333 | 802s
iter    44 | hands  407753 | mbb/hand  +903.8 | pol +0.0150 val 302.8569 ent 1.149 kl 1.0528 clip 0.330 | 823s
iter    45 | hands  416858 | mbb/hand +1116.7 | pol +0.0132 val 331.9473 ent 1.157 kl 1.1125 clip 0.334 | 841s
iter    46 | hands  425938 | mbb/hand  +867.6 | pol +0.0169 val 344.7320 ent 1.168 kl 1.1453 clip 0.330 | 861s
iter    47 | hands  435022 | mbb/hand  +994.6 | pol +0.0118 val 352.7436 ent 1.162 kl 1.1660 clip 0.324 | 881s
iter    48 | hands  444125 | mbb/hand  +912.0 | pol +0.0117 val 372.7187 ent 1.169 kl 1.2254 clip 0.319 | 902s
iter    49 | hands  453371 | mbb/hand  +798.0 | pol +0.0133 val 379.1769 ent 1.178 kl 1.2633 clip 0.318 | 926s
iter    50 | hands  462602 | mbb/hand  +669.2 | pol +0.0114 val 386.3615 ent 1.168 kl 1.2986 clip 0.313 | 947s
iter    51 | hands  471892 | mbb/hand  +713.9 | pol +0.0097 val 400.4282 ent 1.178 kl 1.3377 clip 0.311 | 967s
iter    52 | hands  481336 | mbb/hand  +249.6 | pol +0.0117 val 393.7095 ent 1.184 kl 1.3352 clip 0.313 | 988s
iter    53 | hands  490540 | mbb/hand  +988.7 | pol +0.0116 val 373.2494 ent 1.177 kl 1.3089 clip 0.304 | 1010s
iter    54 | hands  499860 | mbb/hand   -82.1 | pol +0.0081 val 452.5730 ent 1.170 kl 1.3639 clip 0.296 | 1031s
iter    55 | hands  509154 | mbb/hand +1040.6 | pol +0.0091 val 407.1230 ent 1.175 kl 1.3572 clip 0.296 | 1051s
iter    56 | hands  518518 | mbb/hand   +89.0 | pol +0.0094 val 427.0920 ent 1.188 kl 1.3492 clip 0.292 | 1072s
iter    57 | hands  527823 | mbb/hand  +900.8 | pol +0.0086 val 414.1206 ent 1.185 kl 1.3691 clip 0.288 | 1091s
iter    58 | hands  537124 | mbb/hand   +67.2 | pol +0.0082 val 453.2181 ent 1.185 kl 1.4253 clip 0.286 | 1112s
iter    59 | hands  546442 | mbb/hand  +580.5 | pol +0.0083 val 426.9205 ent 1.180 kl 1.4230 clip 0.281 | 1134s
iter    60 | hands  555775 | mbb/hand  +426.4 | pol +0.0075 val 444.8730 ent 1.185 kl 1.4201 clip 0.274 | 1153s
iter    61 | hands  565131 | mbb/hand  +332.3 | pol +0.0065 val 467.4794 ent 1.182 kl 1.4611 clip 0.281 | 1172s
iter    62 | hands  574447 | mbb/hand +1261.1 | pol +0.0082 val 436.4766 ent 1.179 kl 1.4525 clip 0.272 | 1191s
iter    63 | hands  583854 | mbb/hand  +926.3 | pol +0.0071 val 443.3610 ent 1.185 kl 1.4502 clip 0.271 | 1212s
